------------------------------------------------------------
Timing Analyzer Summary
------------------------------------------------------------

Type  : Slow 1100mV 85C Model Setup 'CLOCK_50'
Slack : -6.732
TNS   : -2579.386

Type  : Slow 1100mV 85C Model Setup 'l25c:delay|oclk'
Slack : -3.132
TNS   : -101.955

Type  : Slow 1100mV 85C Model Hold 'CLOCK_50'
Slack : 0.415
TNS   : 0.000

Type  : Slow 1100mV 85C Model Hold 'l25c:delay|oclk'
Slack : 0.688
TNS   : 0.000

Type  : Slow 1100mV 85C Model Minimum Pulse Width 'CLOCK_50'
Slack : -2.174
TNS   : -2752.987

Type  : Slow 1100mV 85C Model Minimum Pulse Width 'l25c:delay|oclk'
Slack : -0.394
TNS   : -20.209

Type  : Slow 1100mV 0C Model Setup 'CLOCK_50'
Slack : -6.506
TNS   : -2481.938

Type  : Slow 1100mV 0C Model Setup 'l25c:delay|oclk'
Slack : -3.014
TNS   : -99.343

Type  : Slow 1100mV 0C Model Hold 'CLOCK_50'
Slack : 0.178
TNS   : 0.000

Type  : Slow 1100mV 0C Model Hold 'l25c:delay|oclk'
Slack : 0.657
TNS   : 0.000

Type  : Slow 1100mV 0C Model Minimum Pulse Width 'CLOCK_50'
Slack : -2.174
TNS   : -2751.771

Type  : Slow 1100mV 0C Model Minimum Pulse Width 'l25c:delay|oclk'
Slack : -0.394
TNS   : -19.823

Type  : Fast 1100mV 85C Model Setup 'CLOCK_50'
Slack : -3.524
TNS   : -1389.914

Type  : Fast 1100mV 85C Model Setup 'l25c:delay|oclk'
Slack : -1.596
TNS   : -51.470

Type  : Fast 1100mV 85C Model Hold 'CLOCK_50'
Slack : 0.110
TNS   : 0.000

Type  : Fast 1100mV 85C Model Hold 'l25c:delay|oclk'
Slack : 0.374
TNS   : 0.000

Type  : Fast 1100mV 85C Model Minimum Pulse Width 'CLOCK_50'
Slack : -2.174
TNS   : -2671.914

Type  : Fast 1100mV 85C Model Minimum Pulse Width 'l25c:delay|oclk'
Slack : 0.061
TNS   : 0.000

Type  : Fast 1100mV 0C Model Setup 'CLOCK_50'
Slack : -3.028
TNS   : -1166.394

Type  : Fast 1100mV 0C Model Setup 'l25c:delay|oclk'
Slack : -1.386
TNS   : -44.242

Type  : Fast 1100mV 0C Model Hold 'CLOCK_50'
Slack : -0.087
TNS   : -1.407

Type  : Fast 1100mV 0C Model Hold 'l25c:delay|oclk'
Slack : 0.342
TNS   : 0.000

Type  : Fast 1100mV 0C Model Minimum Pulse Width 'CLOCK_50'
Slack : -2.174
TNS   : -2673.259

Type  : Fast 1100mV 0C Model Minimum Pulse Width 'l25c:delay|oclk'
Slack : 0.086
TNS   : 0.000

------------------------------------------------------------
